{
  "schema": "agr.offline-aot-manifest.v1",
  "elf_sha256": "010baa4964cd7dbcf1ba038428ab4d6afc13ffd0a180b447be07b8f088f9ba9d",
  "elf_bytes": 882136,
  "executable_sections": [
    {
      "name": ".plt",
      "address": 223856,
      "size": 2084
    },
    {
      "name": ".text",
      "address": 225944,
      "size": 539948
    }
  ],
  "entry_policy": "all-exidx",
  "load_bias": 0,
  "load_bias_source": "runtime formal linker result",
  "relocatable": true,
  "elf_fnv64": 1641235115063234436,
  "translation_inputs": [
    "ELF32 ARM code",
    "dynamic symbols",
    "init/fini arrays",
    "EHABI exidx"
  ],
  "runtime_inputs": [
    "formal linker load bias"
  ],
  "execution_trace_input": false,
  "fast_block_mode_guard": true,
  "seed_count": 3207,
  "statically_discovered_pc_modes": 129557,
  "decoded_op_kinds": [
    "add_high",
    "add_imm",
    "add_reg",
    "adds_imm",
    "adds_reg",
    "adjust_sp",
    "and_imm",
    "b",
    "b_cond",
    "bl_imm",
    "blx_imm",
    "blx_reg",
    "bx_reg",
    "cbz",
    "cmp_imm",
    "cmp_reg",
    "dmb",
    "it",
    "ldmia_sp",
    "ldr_imm",
    "ldr_indexed",
    "ldr_reg",
    "ldr_shifted",
    "ldr_wb",
    "ldrb_imm",
    "ldrb_reg",
    "ldrh_imm",
    "lsls_imm",
    "lsls_reg",
    "mov_imm",
    "mov_reg",
    "movs_imm",
    "movt",
    "movw",
    "orr_imm",
    "rsbs_imm",
    "stm",
    "stmdb_sp",
    "str_imm",
    "str_indexed",
    "str_reg",
    "str_shifted",
    "str_wb",
    "strb_imm",
    "strh_imm",
    "subs_imm",
    "subs_reg",
    "uxtb"
  ],
  "unsupported_discovery_reasons": {
    "direct_target_outside_image": 2,
    "disassembly_stopped": 58,
    "dual_mode_conflict": 2,
    "indirect_target": 2309
  },
  "debug_entry_count": 0,
  "fast_block_count": 33548,
  "fast_hash_size": 131072,
  "fast_hash_max_probe": 6,
  "fast_direct_lookup_requested": false,
  "fast_direct_lookup_entries": 0,
  "generated_c_sha256": "ade591a956a4e9c4f42f99a31d3a6ed7818687f917c90dc73e525c5d76220cf7",
  "generated_c_bytes": 17041778,
  "preparation_wall_seconds": 3.8220776969999974
}
