{
  "schema": "agr.game-compiler-arm64-prototype.v1",
  "input_elf_sha256": "2b8672e79da33de4661f6aa0bcb79df2a302637aca9829d53fff8077a6895638",
  "elf_sha256": "2b8672e79da33de4661f6aa0bcb79df2a302637aca9829d53fff8077a6895638",
  "input_elf_bytes": 9376,
  "executable_bytes": 4114,
  "entry_policy": "all-exidx",
  "execution_trace_input": false,
  "relocatable": true,
  "load_bias": 0,
  "load_bias_source": "runtime formal linker result",
  "runtime_load_bias": true,
  "compiled_block_count": 314,
  "fast_block_count": 314,
  "debug_entry_count": 0,
  "static_compiled_instructions": 658,
  "supported_op_kinds": [
    "add_imm",
    "b",
    "bl_imm",
    "blx_imm",
    "blx_reg",
    "bx_reg",
    "cbz",
    "ldmia_sp",
    "ldr_imm",
    "ldr_wb",
    "mov_imm",
    "mov_reg",
    "movs_imm",
    "movt",
    "movw",
    "stmdb_sp"
  ],
  "excluded_reasons": {
    "unsupported_encoding": 120,
    "unsupported_op:add_high": 9,
    "unsupported_op:add_reg": 4,
    "unsupported_op:adds_imm": 20,
    "unsupported_op:adjust_sp": 17,
    "unsupported_op:and_imm": 21,
    "unsupported_op:b_cond": 59,
    "unsupported_op:cmp_imm": 47,
    "unsupported_op:cmp_reg": 5,
    "unsupported_op:it": 7,
    "unsupported_op:ldr_indexed": 3,
    "unsupported_op:ldr_reg": 1,
    "unsupported_op:ldrb_imm": 4,
    "unsupported_op:lsls_imm": 23,
    "unsupported_op:lsls_reg": 1,
    "unsupported_op:orr_imm": 3,
    "unsupported_op:stm": 3,
    "unsupported_op:str_imm": 44,
    "unsupported_op:str_indexed": 2,
    "unsupported_op:str_wb": 1,
    "unsupported_op:strb_imm": 8,
    "unsupported_op:subs_imm": 4,
    "unsupported_op:subs_reg": 2,
    "unsupported_op:uxtb": 1
  },
  "static_discovery_reasons": {
    "indirect_target": 48,
    "outside_executable": 1
  },
  "assembly_sha256": "103ec83e8745e3b738c46bf40ec345a80fb0e189d80d180f21dc29ddda23e11a",
  "assembly_bytes": 352016,
  "table_sha256": "bd2e1b0eb09ebb9591d551526d9f476802d4faaace1933f80eb25de0001a41b7",
  "generated_c_sha256": "bd2e1b0eb09ebb9591d551526d9f476802d4faaace1933f80eb25de0001a41b7",
  "table_bytes": 56029,
  "offline_preparation_seconds": 0.029521250000016153
}
