{
  "schema": "agr.offline-aot-manifest.v1",
  "elf_sha256": "010baa4964cd7dbcf1ba038428ab4d6afc13ffd0a180b447be07b8f088f9ba9d",
  "elf_bytes": 882136,
  "executable_sections": [
    {
      "name": ".plt",
      "address": 223856,
      "size": 2084
    },
    {
      "name": ".text",
      "address": 225944,
      "size": 539948
    }
  ],
  "entry_policy": "abi",
  "load_bias": 65536,
  "load_bias_source": "caller-supplied formal linker placement; not inferred from trace",
  "translation_inputs": [
    "ELF32 ARM code",
    "dynamic symbols",
    "init/fini arrays",
    "EHABI exidx",
    "formal linker load bias"
  ],
  "execution_trace_input": false,
  "seed_count": 53,
  "statically_discovered_pc_modes": 7167,
  "decoded_op_kinds": [
    "add_high",
    "add_imm",
    "add_reg",
    "adds_imm",
    "adds_reg",
    "adjust_sp",
    "and_imm",
    "b",
    "b_cond",
    "bl_imm",
    "blx_imm",
    "blx_reg",
    "bx_reg",
    "cbz",
    "cmp_imm",
    "cmp_reg",
    "dmb",
    "it",
    "ldmia_sp",
    "ldr_imm",
    "ldr_indexed",
    "ldr_reg",
    "ldr_shifted",
    "ldr_wb",
    "ldrb_imm",
    "ldrb_reg",
    "ldrh_imm",
    "lsls_imm",
    "lsls_reg",
    "mov_imm",
    "mov_reg",
    "movs_imm",
    "movt",
    "movw",
    "orr_imm",
    "rsbs_imm",
    "stm",
    "stmdb_sp",
    "str_imm",
    "str_indexed",
    "str_reg",
    "str_shifted",
    "strb_imm",
    "strh_imm",
    "subs_imm",
    "subs_reg"
  ],
  "unsupported_discovery_reasons": {
    "disassembly_stopped": 7,
    "dual_mode_conflict": 1,
    "indirect_target": 93
  },
  "debug_entry_count": 6840,
  "fast_block_count": 1712,
  "fast_hash_size": 4096,
  "fast_hash_max_probe": 11,
  "generated_c_sha256": "40361d5096a55dc68bd1bc62652969b198919ada361d8ff9e605159cff4e8400",
  "generated_c_bytes": 3115987,
  "preparation_wall_seconds": 0.14899141700004748
}
