{
  "schema": "agr.game-compiler-region-prototype.v1",
  "input_elf_sha256": "010baa4964cd7dbcf1ba038428ab4d6afc13ffd0a180b447be07b8f088f9ba9d",
  "elf_sha256": "010baa4964cd7dbcf1ba038428ab4d6afc13ffd0a180b447be07b8f088f9ba9d",
  "input_elf_bytes": 882136,
  "executable_bytes": 542032,
  "entry_policy": "all-exidx",
  "execution_trace_input": false,
  "relocatable": true,
  "load_bias": 0,
  "load_bias_source": "runtime formal linker result",
  "runtime_load_bias": true,
  "compiled_region_count": 585,
  "compiled_block_count": 37395,
  "fast_block_count": 37395,
  "debug_entry_count": 0,
  "static_compiled_instructions": 68088,
  "register_resident": true,
  "direct_intra_region_edge_candidates": 4075,
  "block_group_guard_count": 15308,
  "individual_instruction_guard_count": 26450,
  "direct_lookup_slots": 271008,
  "supported_op_kinds": [
    "add_imm",
    "b",
    "bl_imm",
    "blx_imm",
    "blx_reg",
    "bx_reg",
    "cbz",
    "ldmia_sp",
    "ldr_imm",
    "ldr_wb",
    "mov_imm",
    "mov_reg",
    "movs_imm",
    "movt",
    "movw",
    "stmdb_sp"
  ],
  "excluded_reasons": {
    "unsupported_encoding": 15176,
    "unsupported_op:add_high": 4193,
    "unsupported_op:add_reg": 106,
    "unsupported_op:adds_imm": 3079,
    "unsupported_op:adds_reg": 175,
    "unsupported_op:adjust_sp": 2084,
    "unsupported_op:and_imm": 110,
    "unsupported_op:b_cond": 6857,
    "unsupported_op:cmp_imm": 3852,
    "unsupported_op:cmp_reg": 2814,
    "unsupported_op:dmb": 1313,
    "unsupported_op:it": 1046,
    "unsupported_op:ldr_indexed": 1633,
    "unsupported_op:ldr_reg": 596,
    "unsupported_op:ldr_shifted": 370,
    "unsupported_op:ldrb_imm": 484,
    "unsupported_op:ldrb_reg": 55,
    "unsupported_op:ldrh_imm": 83,
    "unsupported_op:lsls_imm": 1272,
    "unsupported_op:lsls_reg": 20,
    "unsupported_op:mov_reg": 1,
    "unsupported_op:orr_imm": 291,
    "unsupported_op:rsbs_imm": 36,
    "unsupported_op:stm": 592,
    "unsupported_op:str_imm": 11474,
    "unsupported_op:str_indexed": 440,
    "unsupported_op:str_reg": 277,
    "unsupported_op:str_shifted": 75,
    "unsupported_op:str_wb": 1,
    "unsupported_op:strb_imm": 1132,
    "unsupported_op:strh_imm": 65,
    "unsupported_op:subs_imm": 1291,
    "unsupported_op:subs_reg": 398,
    "unsupported_op:uxtb": 78
  },
  "static_discovery_reasons": {
    "direct_target_outside_image": 2,
    "disassembly_stopped": 58,
    "dual_mode_conflict": 2,
    "indirect_target": 2309
  },
  "generated_c_sha256": "f6de85d94151977a259cd25953a253f836ea0611484178ad4a852375f52d7de0",
  "generated_c_bytes": 27449589,
  "offline_preparation_seconds": 2.8043689169999197
}
