{
  "schema": "agr.offline-aot-manifest.v1",
  "elf_sha256": "010baa4964cd7dbcf1ba038428ab4d6afc13ffd0a180b447be07b8f088f9ba9d",
  "elf_bytes": 882136,
  "executable_sections": [
    {
      "name": ".plt",
      "address": 223856,
      "size": 2084
    },
    {
      "name": ".text",
      "address": 225944,
      "size": 539948
    }
  ],
  "entry_policy": "exports",
  "load_bias": 65536,
  "load_bias_source": "caller-supplied formal linker placement; not inferred from trace",
  "translation_inputs": [
    "ELF32 ARM code",
    "dynamic symbols",
    "init/fini arrays",
    "formal linker load bias"
  ],
  "execution_trace_input": false,
  "fast_block_mode_guard": true,
  "seed_count": 1633,
  "statically_discovered_pc_modes": 84421,
  "decoded_op_kinds": [
    "add_high",
    "add_imm",
    "add_reg",
    "adds_imm",
    "adds_reg",
    "adjust_sp",
    "and_imm",
    "b",
    "b_cond",
    "bl_imm",
    "blx_imm",
    "blx_reg",
    "bx_reg",
    "cbz",
    "cmp_imm",
    "cmp_reg",
    "dmb",
    "it",
    "ldmia_sp",
    "ldr_imm",
    "ldr_indexed",
    "ldr_reg",
    "ldr_shifted",
    "ldr_wb",
    "ldrb_imm",
    "ldrb_reg",
    "ldrh_imm",
    "lsls_imm",
    "lsls_reg",
    "mov_imm",
    "mov_reg",
    "movs_imm",
    "movt",
    "movw",
    "orr_imm",
    "rsbs_imm",
    "stm",
    "stmdb_sp",
    "str_imm",
    "str_indexed",
    "str_reg",
    "str_shifted",
    "strb_imm",
    "strh_imm",
    "subs_imm",
    "subs_reg",
    "uxtb"
  ],
  "unsupported_discovery_reasons": {
    "direct_target_outside_image": 1,
    "disassembly_stopped": 36,
    "dual_mode_conflict": 1,
    "indirect_target": 1468
  },
  "debug_entry_count": 0,
  "fast_block_count": 21896,
  "fast_hash_size": 65536,
  "fast_hash_max_probe": 8,
  "generated_c_sha256": "ddd70e41fe23dc9ce6fec6d9c1a17f579ede9ca01f3fe6d6245d491de1ce1f41",
  "generated_c_bytes": 10197445,
  "preparation_wall_seconds": 1.9358506000135094
}
