2026-09-27T12:36:41.9384000Z Current runner version: '2.337.0'
2026-09-27T12:36:41.9406630Z ##[group]Runner Image Provisioner
2026-09-27T12:36:41.9407320Z Hosted Compute Agent
2026-09-27T12:36:41.9407770Z Version: 20260828.587
2026-09-27T12:36:41.9408170Z Commit: abac92662cab4cc7352de4f9f9d2e2419aad9c29
2026-09-27T12:36:41.9408630Z Build Date: 2026-08-28T16:44:25Z
2026-09-27T12:36:41.9409160Z Worker ID: {daf61028-5f00-4877-86dd-0ec8b832e5a0}
2026-09-27T12:36:41.9409700Z Azure Region: westus
2026-09-27T12:36:41.9410170Z ##[endgroup]
2026-09-27T12:36:41.9411380Z ##[group]Operating System
2026-09-27T12:36:41.9411800Z macOS
2026-09-27T12:36:41.9412130Z 27.0
2026-09-27T12:36:41.9412520Z 26A428
2026-09-27T12:36:41.9412940Z ##[endgroup]
2026-09-27T12:36:41.9413380Z ##[group]Runner Image
2026-09-27T12:36:41.9413770Z Image: xcode-27-arm64
2026-09-27T12:36:41.9414140Z Version: 20260921.0210.1
2026-09-27T12:36:41.9415200Z Included Software: https://github.com/actions/runner-images/blob/xcode-27-arm64/20260921.0210/images/macos/xcode-27-arm64-Readme.md
2026-09-27T12:36:41.9416460Z Image Release: https://github.com/actions/runner-images/releases/tag/xcode-27-arm64%2F20260921.0210
2026-09-27T12:36:41.9417310Z ##[endgroup]
2026-09-27T12:36:41.9418240Z ##[group]GITHUB_TOKEN Permissions
2026-09-27T12:36:41.9420310Z Contents: read
2026-09-27T12:36:41.9420730Z Metadata: read
2026-09-27T12:36:41.9421160Z Packages: read
2026-09-27T12:36:41.9421580Z ##[endgroup]
2026-09-27T12:36:41.9423560Z Secret source: Actions
2026-09-27T12:36:41.9424210Z Cache mode: write
2026-09-27T12:36:41.9424670Z Prepare workflow directory
2026-09-27T12:36:41.9808590Z Prepare all required actions
2026-09-27T12:36:41.9889710Z Getting action download info
2026-09-27T12:36:42.1724160Z Download action repository 'actions/checkout@v4' (SHA:11d5960a326750d5838078e36cf38b85af677262)
2026-09-27T12:36:42.6166130Z Download action repository 'dtolnay/rust-toolchain@stable' (SHA:6bed0761d98439e5a578e2877258200ad565ba87)
2026-09-27T12:36:43.1017920Z Download action repository 'actions/upload-artifact@v4' (SHA:ea165f8d65b6e75b540449e92b4886f43607fa02)
2026-09-27T12:36:43.4778230Z Complete job name: kungfoo-armv7-interpreter-probe
2026-09-27T12:36:43.5754010Z ##[group]Run actions/checkout@v4
2026-09-27T12:36:43.5754740Z with:
2026-09-27T12:36:43.5755150Z   repository: xwc9527/early-android-game-runtime
2026-09-27T12:36:43.5758100Z   token: ***
2026-09-27T12:36:43.5758470Z   ssh-strict: true
2026-09-27T12:36:43.5758860Z   ssh-user: git
2026-09-27T12:36:43.5759220Z   persist-credentials: true
2026-09-27T12:36:43.5759650Z   clean: true
2026-09-27T12:36:43.5759980Z   sparse-checkout-cone-mode: true
2026-09-27T12:36:43.5760360Z   fetch-depth: 1
2026-09-27T12:36:43.5760720Z   fetch-tags: false
2026-09-27T12:36:43.5761100Z   show-progress: true
2026-09-27T12:36:43.5761430Z   lfs: false
2026-09-27T12:36:43.5761870Z   submodules: false
2026-09-27T12:36:43.5762250Z   set-safe-directory: true
2026-09-27T12:36:43.5762670Z   allow-unsafe-pr-checkout: false
2026-09-27T12:36:43.5763320Z ##[endgroup]
2026-09-27T12:36:43.8920570Z Syncing repository: xwc9527/early-android-game-runtime
2026-09-27T12:36:43.8923820Z ##[group]Getting Git version info
2026-09-27T12:36:43.8924650Z Working directory is '/Users/runner/work/early-android-game-runtime/early-android-game-runtime'
2026-09-27T12:36:43.8925590Z [command]/opt/homebrew/bin/git version
2026-09-27T12:36:43.9189570Z git version 2.55.0
2026-09-27T12:36:43.9203770Z ##[endgroup]
2026-09-27T12:36:43.9210130Z Copying '/Users/runner/.gitconfig' to '/Users/runner/work/_temp/890b28b1-b6f6-44ff-a0b4-97296347bf60/.gitconfig'
2026-09-27T12:36:43.9215550Z Temporarily overriding HOME='/Users/runner/work/_temp/890b28b1-b6f6-44ff-a0b4-97296347bf60' before making global git config changes
2026-09-27T12:36:43.9216640Z Adding repository directory to the temporary git global config as a safe directory
2026-09-27T12:36:43.9225440Z [command]/opt/homebrew/bin/git config --global --add safe.directory /Users/runner/work/early-android-game-runtime/early-android-game-runtime
2026-09-27T12:36:43.9353990Z Deleting the contents of '/Users/runner/work/early-android-game-runtime/early-android-game-runtime'
2026-09-27T12:36:43.9361960Z ##[group]Initializing the repository
2026-09-27T12:36:43.9363170Z [command]/opt/homebrew/bin/git init /Users/runner/work/early-android-game-runtime/early-android-game-runtime
2026-09-27T12:36:43.9703550Z hint: Using 'master' as the name for the initial branch. This default branch name
2026-09-27T12:36:43.9706070Z hint: will change to "main" in Git 3.0. To configure the initial branch name
2026-09-27T12:36:43.9715160Z hint: to use in all of your new repositories, which will suppress this warning,
2026-09-27T12:36:43.9744050Z hint: call:
2026-09-27T12:36:43.9748870Z hint:
2026-09-27T12:36:43.9759610Z hint: 	git config --global init.defaultBranch <name>
2026-09-27T12:36:43.9760230Z hint:
2026-09-27T12:36:43.9760770Z hint: Names commonly chosen instead of 'master' are 'main', 'trunk' and
2026-09-27T12:36:43.9761530Z hint: 'development'. The just-created branch can be renamed via this command:
2026-09-27T12:36:43.9762190Z hint:
2026-09-27T12:36:43.9762640Z hint: 	git branch -m <name>
2026-09-27T12:36:43.9763190Z hint:
2026-09-27T12:36:43.9763780Z hint: Disable this message with "git config set advice.defaultBranchName false"
2026-09-27T12:36:43.9779270Z Initialized empty Git repository in /Users/runner/work/early-android-game-runtime/early-android-game-runtime/.git/
2026-09-27T12:36:43.9848600Z [command]/opt/homebrew/bin/git remote add origin https://github.com/xwc9527/early-android-game-runtime
2026-09-27T12:36:43.9942000Z ##[endgroup]
2026-09-27T12:36:43.9942750Z ##[group]Disabling automatic garbage collection
2026-09-27T12:36:43.9973590Z [command]/opt/homebrew/bin/git config --local gc.auto 0
2026-09-27T12:36:44.0042420Z ##[endgroup]
2026-09-27T12:36:44.0045970Z ##[group]Setting up auth
2026-09-27T12:36:44.0052840Z [command]/opt/homebrew/bin/git config --local --name-only --get-regexp core\.sshCommand
2026-09-27T12:36:44.0056870Z [command]/opt/homebrew/bin/git submodule foreach --recursive sh -c "git config --local --name-only --get-regexp 'core\.sshCommand' && git config --local --unset-all 'core.sshCommand' || :"
2026-09-27T12:36:44.1767550Z [command]/opt/homebrew/bin/git config --local --name-only --get-regexp http\.https\:\/\/github\.com\/\.extraheader
2026-09-27T12:36:44.1945270Z [command]/opt/homebrew/bin/git submodule foreach --recursive sh -c "git config --local --name-only --get-regexp 'http\.https\:\/\/github\.com\/\.extraheader' && git config --local --unset-all 'http.https://github.com/.extraheader' || :"
2026-09-27T12:36:44.3530570Z [command]/opt/homebrew/bin/git config --local --name-only --get-regexp ^includeIf\.gitdir:
2026-09-27T12:36:44.3612030Z [command]/opt/homebrew/bin/git submodule foreach --recursive git config --local --show-origin --name-only --get-regexp remote.origin.url
2026-09-27T12:36:44.4953300Z [command]/opt/homebrew/bin/git config --local http.https://github.com/.extraheader AUTHORIZATION: basic ***
2026-09-27T12:36:44.5040770Z ##[endgroup]
2026-09-27T12:36:44.5042380Z ##[group]Fetching the repository
2026-09-27T12:36:44.5047510Z [command]/opt/homebrew/bin/git -c protocol.version=2 fetch --no-tags --prune --no-recurse-submodules --depth=1 origin +6601e526f48ec2990bf5a04f8b1b9b98c5a3a2ab:refs/remotes/origin/validation/aot-route-evidence
2026-09-27T12:36:45.9883050Z From https://github.com/xwc9527/early-android-game-runtime
2026-09-27T12:36:45.9889360Z  * [new ref]         6601e526f48ec2990bf5a04f8b1b9b98c5a3a2ab -> origin/validation/aot-route-evidence
2026-09-27T12:36:45.9894510Z ##[endgroup]
2026-09-27T12:36:45.9895380Z ##[group]Determining the checkout info
2026-09-27T12:36:45.9896080Z ##[endgroup]
2026-09-27T12:36:45.9897010Z [command]/opt/homebrew/bin/git sparse-checkout disable
2026-09-27T12:36:46.0100400Z [command]/opt/homebrew/bin/git config --local --unset-all extensions.worktreeConfig
2026-09-27T12:36:46.0165640Z ##[group]Checking out the ref
2026-09-27T12:36:46.0166790Z [command]/opt/homebrew/bin/git checkout --progress --force -B validation/aot-route-evidence refs/remotes/origin/validation/aot-route-evidence
2026-09-27T12:36:46.5684100Z Switched to a new branch 'validation/aot-route-evidence'
2026-09-27T12:36:46.5783930Z branch 'validation/aot-route-evidence' set up to track 'origin/validation/aot-route-evidence'.
2026-09-27T12:36:46.6017810Z ##[endgroup]
2026-09-27T12:36:46.6107570Z [command]/opt/homebrew/bin/git log -1 --format=%H
2026-09-27T12:36:46.6108020Z 6601e526f48ec2990bf5a04f8b1b9b98c5a3a2ab
2026-09-27T12:36:46.6579730Z ##[group]Run dtolnay/rust-toolchain@stable
2026-09-27T12:36:46.6580950Z with:
2026-09-27T12:36:46.6581480Z   toolchain: stable
2026-09-27T12:36:46.6582010Z ##[endgroup]
2026-09-27T12:36:46.6666650Z ##[start-action display=Parse toolchain version;id=__dtolnay_rust-toolchain.parse]
2026-09-27T12:36:46.6736040Z ##[group]Run if [[ -z $toolchain ]]; then
2026-09-27T12:36:46.6736710Z [36;1mif [[ -z $toolchain ]]; then[0m
2026-09-27T12:36:46.6737430Z [36;1m  # GitHub does not enforce `required: true` inputs itself. https://github.com/actions/runner/issues/1070[0m
2026-09-27T12:36:46.6738070Z [36;1m  echo "'toolchain' is a required input" >&2[0m
2026-09-27T12:36:46.6738420Z [36;1m  exit 1[0m
2026-09-27T12:36:46.6738870Z [36;1melif [[ $toolchain =~ ^stable' '[0-9]+' '(year|month|week|day)s?' 'ago$ ]]; then[0m
2026-09-27T12:36:46.6739310Z [36;1m  if [[ macOS == macOS ]]; then[0m
2026-09-27T12:36:46.6739980Z [36;1m    echo "toolchain=1.$((($(date -v-$(sed 's/stable \([0-9]*\) \(.\).*/\1\2/' <<< $toolchain) +%s)/60/60/24-16569)/7/6))" >> $GITHUB_OUTPUT[0m
2026-09-27T12:36:46.6740520Z [36;1m  else[0m
2026-09-27T12:36:46.6741010Z [36;1m    echo "toolchain=1.$((($(date --date "${toolchain#stable }" +%s)/60/60/24-16569)/7/6))" >> $GITHUB_OUTPUT[0m
2026-09-27T12:36:46.6741490Z [36;1m  fi[0m
2026-09-27T12:36:46.6741920Z [36;1melif [[ $toolchain =~ ^stable' 'minus' '[0-9]+' 'releases?$ ]]; then[0m
2026-09-27T12:36:46.6742440Z [36;1m  echo "toolchain=1.$((($(date +%s)/60/60/24-16569)/7/6-${toolchain//[^0-9]/}))" >> $GITHUB_OUTPUT[0m
2026-09-27T12:36:46.6742930Z [36;1melif [[ $toolchain =~ ^1\.[0-9]+$ ]]; then[0m
2026-09-27T12:36:46.6743500Z [36;1m  echo "toolchain=1.$((i=${toolchain#1.}, c=($(date +%s)/60/60/24-16569)/7/6, i+9*i*(10*i<=c)+90*i*(100*i<=c)))" >> $GITHUB_OUTPUT[0m
2026-09-27T12:36:46.6743960Z [36;1melse[0m
2026-09-27T12:36:46.6744200Z [36;1m  echo "toolchain=$toolchain" >> $GITHUB_OUTPUT[0m
2026-09-27T12:36:46.6744490Z [36;1mfi[0m
2026-09-27T12:36:46.6874090Z shell: /bin/bash --noprofile --norc -e -o pipefail {0}
2026-09-27T12:36:46.6875030Z env:
2026-09-27T12:36:46.6875700Z   toolchain: stable
2026-09-27T12:36:46.6876330Z ##[endgroup]
2026-09-27T12:36:46.8149660Z ##[end-action id=__dtolnay_rust-toolchain.parse;outcome=success;conclusion=success;duration_ms=148]
2026-09-27T12:36:46.8176140Z ##[start-action display=Construct rustup command line;id=__dtolnay_rust-toolchain.flags]
2026-09-27T12:36:46.8278470Z ##[group]Run echo "targets=$(for t in ${targets//,/ }; do echo -n ' --target' $t; done)" >> $GITHUB_OUTPUT
2026-09-27T12:36:46.8280430Z [36;1mecho "targets=$(for t in ${targets//,/ }; do echo -n ' --target' $t; done)" >> $GITHUB_OUTPUT[0m
2026-09-27T12:36:46.8281950Z [36;1mecho "components=$(for c in ${components//,/ }; do echo -n ' --component' $c; done)" >> $GITHUB_OUTPUT[0m
2026-09-27T12:36:46.8283130Z [36;1mecho "downgrade=" >> $GITHUB_OUTPUT[0m
2026-09-27T12:36:46.8377110Z shell: /bin/bash --noprofile --norc -e -o pipefail {0}
2026-09-27T12:36:46.8378260Z env:
2026-09-27T12:36:46.8378830Z   targets: 
2026-09-27T12:36:46.8379510Z   components: 
2026-09-27T12:36:46.8380370Z ##[endgroup]
2026-09-27T12:36:46.9117780Z ##[end-action id=__dtolnay_rust-toolchain.flags;outcome=success;conclusion=success;duration_ms=93]
2026-09-27T12:36:46.9127850Z ##[start-action display=Set $CARGO_HOME;id=__dtolnay_rust-toolchain.__run]
2026-09-27T12:36:46.9268960Z ##[group]Run echo CARGO_HOME=${CARGO_HOME:-"$HOME/.cargo"} >> $GITHUB_ENV
2026-09-27T12:36:46.9269670Z [36;1mecho CARGO_HOME=${CARGO_HOME:-"$HOME/.cargo"} >> $GITHUB_ENV[0m
2026-09-27T12:36:46.9374950Z shell: /bin/bash --noprofile --norc -e -o pipefail {0}
2026-09-27T12:36:46.9375880Z ##[endgroup]
2026-09-27T12:36:46.9958870Z ##[end-action id=__dtolnay_rust-toolchain.__run;outcome=success;conclusion=success;duration_ms=82]
2026-09-27T12:36:46.9961810Z ##[start-action display=Install rustup if needed;id=__dtolnay_rust-toolchain.__run_2]
2026-09-27T12:36:46.9994810Z ##[group]Run if ! command -v rustup &>/dev/null; then
2026-09-27T12:36:46.9995230Z [36;1mif ! command -v rustup &>/dev/null; then[0m
2026-09-27T12:36:46.9995950Z [36;1m  curl --proto '=https' --tlsv1.2 --retry 10 --retry-connrefused --location --silent --show-error --fail https://sh.rustup.rs | sh -s -- --default-toolchain none -y[0m
2026-09-27T12:36:46.9996610Z [36;1m  echo "$CARGO_HOME/bin" >> $GITHUB_PATH[0m
2026-09-27T12:36:46.9996870Z [36;1mfi[0m
2026-09-27T12:36:47.0039030Z shell: /bin/bash --noprofile --norc -e -o pipefail {0}
2026-09-27T12:36:47.0039930Z env:
2026-09-27T12:36:47.0041060Z   CARGO_HOME: /Users/runner/.cargo
2026-09-27T12:36:47.0041820Z ##[endgroup]
2026-09-27T12:36:47.0653790Z ##[end-action id=__dtolnay_rust-toolchain.__run_2;outcome=success;conclusion=success;duration_ms=69]
2026-09-27T12:36:47.0656550Z ##[start-action display=Install rustup if needed on windows;id=__dtolnay_rust-toolchain.__run_3]
2026-09-27T12:36:47.0664670Z ##[end-action id=__dtolnay_rust-toolchain.__run_3;outcome=skipped;conclusion=skipped;duration_ms=0]
2026-09-27T12:36:47.0673740Z ##[start-action display=rustup toolchain install stable;id=__dtolnay_rust-toolchain.__run_4]
2026-09-27T12:36:47.0696850Z ##[group]Run rustup toolchain install stable --profile minimal --no-self-update
2026-09-27T12:36:47.0697680Z [36;1mrustup toolchain install stable --profile minimal --no-self-update[0m
2026-09-27T12:36:47.0733040Z shell: /bin/bash --noprofile --norc -e -o pipefail {0}
2026-09-27T12:36:47.0733390Z env:
2026-09-27T12:36:47.0733590Z   CARGO_HOME: /Users/runner/.cargo
2026-09-27T12:36:47.0733840Z   RUSTUP_PERMIT_COPY_RENAME: 1
2026-09-27T12:36:47.0734120Z ##[endgroup]
2026-09-27T12:36:47.7556280Z info: syncing channel updates for stable-aarch64-apple-darwin
2026-09-27T12:36:47.8876350Z 
2026-09-27T12:36:47.9431030Z info: self-update is disabled for this build of rustup
2026-09-27T12:36:47.9432350Z   stable-aarch64-apple-darwin unchanged - rustc 1.98.1 (48a229cea 2026-09-01)
2026-09-27T12:36:47.9534990Z info: any updates to rustup will need to be fetched with your system package manager
2026-09-27T12:36:47.9535450Z 
2026-09-27T12:36:47.9552210Z ##[end-action id=__dtolnay_rust-toolchain.__run_4;outcome=success;conclusion=success;duration_ms=887]
2026-09-27T12:36:47.9563120Z ##[start-action display=rustup default stable;id=__dtolnay_rust-toolchain.__run_5]
2026-09-27T12:36:47.9620940Z ##[group]Run rustup default stable
2026-09-27T12:36:47.9621630Z [36;1mrustup default stable[0m
2026-09-27T12:36:47.9733090Z shell: /bin/bash --noprofile --norc -e -o pipefail {0}
2026-09-27T12:36:47.9733910Z env:
2026-09-27T12:36:47.9734370Z   CARGO_HOME: /Users/runner/.cargo
2026-09-27T12:36:47.9735050Z ##[endgroup]
2026-09-27T12:36:48.0419330Z info: using existing install for stable-aarch64-apple-darwin
2026-09-27T12:36:48.0453340Z info: default toolchain set to stable-aarch64-apple-darwin
2026-09-27T12:36:48.0453680Z 
2026-09-27T12:36:48.0765580Z   stable-aarch64-apple-darwin unchanged - rustc 1.98.1 (48a229cea 2026-09-01)
2026-09-27T12:36:48.0766070Z 
2026-09-27T12:36:48.0780920Z ##[end-action id=__dtolnay_rust-toolchain.__run_5;outcome=success;conclusion=success;duration_ms=121]
2026-09-27T12:36:48.0783740Z ##[start-action display=Create cachekey;id=__dtolnay_rust-toolchain.rustc-version]
2026-09-27T12:36:48.0809070Z ##[group]Run DATE=$(rustc +stable --version --verbose | sed -ne 's/^commit-date: \(20[0-9][0-9]\)-\([01][0-9]\)-\([0-3][0-9]\)$/\1\2\3/p')
2026-09-27T12:36:48.0809840Z [36;1mDATE=$(rustc +stable --version --verbose | sed -ne 's/^commit-date: \(20[0-9][0-9]\)-\([01][0-9]\)-\([0-3][0-9]\)$/\1\2\3/p')[0m
2026-09-27T12:36:48.0810900Z [36;1mHASH=$(rustc +stable --version --verbose | sed -ne 's/^commit-hash: //p')[0m
2026-09-27T12:36:48.0811340Z [36;1mecho "cachekey=$(echo $DATE$HASH | head -c12)" >> $GITHUB_OUTPUT[0m
2026-09-27T12:36:48.0871820Z shell: /bin/bash --noprofile --norc -e -o pipefail {0}
2026-09-27T12:36:48.0872750Z env:
2026-09-27T12:36:48.0873330Z   CARGO_HOME: /Users/runner/.cargo
2026-09-27T12:36:48.0873900Z ##[endgroup]
2026-09-27T12:36:48.2553020Z ##[end-action id=__dtolnay_rust-toolchain.rustc-version;outcome=success;conclusion=success;duration_ms=176]
2026-09-27T12:36:48.2555470Z ##[start-action display=Disable incremental compilation;id=__dtolnay_rust-toolchain.__run_6]
2026-09-27T12:36:48.2577510Z ##[group]Run if [ -z "${CARGO_INCREMENTAL+set}" ]; then
2026-09-27T12:36:48.2577860Z [36;1mif [ -z "${CARGO_INCREMENTAL+set}" ]; then[0m
2026-09-27T12:36:48.2578150Z [36;1m  echo CARGO_INCREMENTAL=0 >> $GITHUB_ENV[0m
2026-09-27T12:36:48.2578400Z [36;1mfi[0m
2026-09-27T12:36:48.2613850Z shell: /bin/bash --noprofile --norc -e -o pipefail {0}
2026-09-27T12:36:48.2614200Z env:
2026-09-27T12:36:48.2614400Z   CARGO_HOME: /Users/runner/.cargo
2026-09-27T12:36:48.2614620Z ##[endgroup]
2026-09-27T12:36:48.2963810Z ##[end-action id=__dtolnay_rust-toolchain.__run_6;outcome=success;conclusion=success;duration_ms=40]
2026-09-27T12:36:48.2966370Z ##[start-action display=Enable colors in Cargo output;id=__dtolnay_rust-toolchain.__run_7]
2026-09-27T12:36:48.2989230Z ##[group]Run if [ -z "${CARGO_TERM_COLOR+set}" ]; then
2026-09-27T12:36:48.2989580Z [36;1mif [ -z "${CARGO_TERM_COLOR+set}" ]; then[0m
2026-09-27T12:36:48.2989870Z [36;1m  echo CARGO_TERM_COLOR=always >> $GITHUB_ENV[0m
2026-09-27T12:36:48.2990120Z [36;1mfi[0m
2026-09-27T12:36:48.3025920Z shell: /bin/bash --noprofile --norc -e -o pipefail {0}
2026-09-27T12:36:48.3026220Z env:
2026-09-27T12:36:48.3026420Z   CARGO_HOME: /Users/runner/.cargo
2026-09-27T12:36:48.3026690Z   CARGO_INCREMENTAL: 0
2026-09-27T12:36:48.3026860Z ##[endgroup]
2026-09-27T12:36:48.3448050Z ##[end-action id=__dtolnay_rust-toolchain.__run_7;outcome=success;conclusion=success;duration_ms=48]
2026-09-27T12:36:48.3450510Z ##[start-action display=Enable Cargo sparse registry;id=__dtolnay_rust-toolchain.__run_8]
2026-09-27T12:36:48.3474460Z ##[group]Run # implemented in 1.66, stabilized in 1.68, made default in 1.70
2026-09-27T12:36:48.3474920Z [36;1m# implemented in 1.66, stabilized in 1.68, made default in 1.70[0m
2026-09-27T12:36:48.3475590Z [36;1mif [ -z "${CARGO_REGISTRIES_CRATES_IO_PROTOCOL+set}" -o -f "/Users/runner/work/_temp"/.implicit_cargo_registries_crates_io_protocol ]; then[0m
2026-09-27T12:36:48.3476250Z [36;1m  if rustc +stable --version --verbose | grep -q '^release: 1\.6[89]\.'; then[0m
2026-09-27T12:36:48.3476790Z [36;1m    touch "/Users/runner/work/_temp"/.implicit_cargo_registries_crates_io_protocol || true[0m
2026-09-27T12:36:48.3477280Z [36;1m    echo CARGO_REGISTRIES_CRATES_IO_PROTOCOL=sparse >> $GITHUB_ENV[0m
2026-09-27T12:36:48.3477730Z [36;1m  elif rustc +stable --version --verbose | grep -q '^release: 1\.6[67]\.'; then[0m
2026-09-27T12:36:48.3478240Z [36;1m    touch "/Users/runner/work/_temp"/.implicit_cargo_registries_crates_io_protocol || true[0m
2026-09-27T12:36:48.3478730Z [36;1m    echo CARGO_REGISTRIES_CRATES_IO_PROTOCOL=git >> $GITHUB_ENV[0m
2026-09-27T12:36:48.3479010Z [36;1m  fi[0m
2026-09-27T12:36:48.3479180Z [36;1mfi[0m
2026-09-27T12:36:48.3518660Z shell: /bin/bash --noprofile --norc -e -o pipefail {0}
2026-09-27T12:36:48.3519020Z env:
2026-09-27T12:36:48.3519240Z   CARGO_HOME: /Users/runner/.cargo
2026-09-27T12:36:48.3519540Z   CARGO_INCREMENTAL: 0
2026-09-27T12:36:48.3519850Z   CARGO_TERM_COLOR: always
2026-09-27T12:36:48.3520060Z ##[endgroup]
2026-09-27T12:36:48.5074970Z ##[end-action id=__dtolnay_rust-toolchain.__run_8;outcome=success;conclusion=success;duration_ms=162]
2026-09-27T12:36:48.5078330Z ##[start-action display=Work around spurious network errors in curl 8.0;id=__dtolnay_rust-toolchain.__run_9]
2026-09-27T12:36:48.5115970Z ##[group]Run # https://rust-lang.zulipchat.com/#narrow/stream/246057-t-cargo/topic/timeout.20investigation
2026-09-27T12:36:48.5116990Z [36;1m# https://rust-lang.zulipchat.com/#narrow/stream/246057-t-cargo/topic/timeout.20investigation[0m
2026-09-27T12:36:48.5118310Z [36;1mif rustc +stable --version --verbose | grep -q '^release: 1\.7[01]\.'; then[0m
2026-09-27T12:36:48.5119600Z [36;1m  echo CARGO_HTTP_MULTIPLEXING=false >> $GITHUB_ENV[0m
2026-09-27T12:36:48.5121290Z [36;1mfi[0m
2026-09-27T12:36:48.5215080Z shell: /bin/bash --noprofile --norc -e -o pipefail {0}
2026-09-27T12:36:48.5215840Z env:
2026-09-27T12:36:48.5216290Z   CARGO_HOME: /Users/runner/.cargo
2026-09-27T12:36:48.5216890Z   CARGO_INCREMENTAL: 0
2026-09-27T12:36:48.5217390Z   CARGO_TERM_COLOR: always
2026-09-27T12:36:48.5219240Z ##[endgroup]
2026-09-27T12:36:48.6056450Z ##[end-action id=__dtolnay_rust-toolchain.__run_9;outcome=success;conclusion=success;duration_ms=97]
2026-09-27T12:36:48.6064400Z ##[start-action display=rustc +stable --version --verbose;id=__dtolnay_rust-toolchain.__run_10]
2026-09-27T12:36:48.6113250Z ##[group]Run rustc +stable --version --verbose
2026-09-27T12:36:48.6113580Z [36;1mrustc +stable --version --verbose[0m
2026-09-27T12:36:48.6149040Z shell: /bin/bash --noprofile --norc -e -o pipefail {0}
2026-09-27T12:36:48.6149340Z env:
2026-09-27T12:36:48.6149520Z   CARGO_HOME: /Users/runner/.cargo
2026-09-27T12:36:48.6149770Z   CARGO_INCREMENTAL: 0
2026-09-27T12:36:48.6150000Z   CARGO_TERM_COLOR: always
2026-09-27T12:36:48.6150200Z ##[endgroup]
2026-09-27T12:36:48.6889050Z rustc 1.98.1 (48a229cea 2026-09-01)
2026-09-27T12:36:48.6890530Z binary: rustc
2026-09-27T12:36:48.6891390Z commit-hash: 48a229ceaefd4985c50990b14116b6d856af0985
2026-09-27T12:36:48.6892660Z commit-date: 2026-09-01
2026-09-27T12:36:48.6893480Z host: aarch64-apple-darwin
2026-09-27T12:36:48.6894300Z release: 1.98.1
2026-09-27T12:36:48.6895040Z LLVM version: 22.1.8
2026-09-27T12:36:48.6906250Z ##[end-action id=__dtolnay_rust-toolchain.__run_10;outcome=success;conclusion=success;duration_ms=84]
2026-09-27T12:36:48.6971420Z ##[group]Run set -o pipefail
2026-09-27T12:36:48.6971690Z [36;1mset -o pipefail[0m
2026-09-27T12:36:48.6971970Z [36;1mmkdir -p tools/aot-lab/evidence/kungfoo-armv7-aot-probe[0m
2026-09-27T12:36:48.6972320Z [36;1mbash tools/aot-lab/run_kungfoo_probe.sh 2>&1 |[0m
2026-09-27T12:36:48.6972660Z [36;1m  tee tools/aot-lab/evidence/kungfoo-armv7-aot-probe/ci-log.txt[0m
2026-09-27T12:36:48.7005650Z shell: /bin/bash -e {0}
2026-09-27T12:36:48.7005850Z env:
2026-09-27T12:36:48.7006030Z   CARGO_HOME: /Users/runner/.cargo
2026-09-27T12:36:48.7006230Z   CARGO_INCREMENTAL: 0
2026-09-27T12:36:48.7006450Z   CARGO_TERM_COLOR: always
2026-09-27T12:36:48.7006650Z ##[endgroup]
2026-09-27T12:36:48.7581590Z AGR_SMOKE_PHASE 2026-09-27T12:36:48Z prepare sample profile aot-kungfoo
2026-09-27T12:37:25.1864150Z   % Total    % Received % Xferd  Average Speed   Time    Time     Time  Current
2026-09-27T12:37:25.1865470Z                                  Dload  Upload   Total   Spent    Left  Speed
2026-09-27T12:37:25.1866840Z 
2026-09-27T12:37:25.5524110Z   0     0    0     0    0     0      0      0 --:--:-- --:--:-- --:--:--     0
2026-09-27T12:37:25.5527890Z   0     0    0     0    0     0      0      0 --:--:-- --:--:-- --:--:--     0
2026-09-27T12:37:25.5529910Z   0     0    0     0    0     0      0      0 --:--:-- --:--:-- --:--:--     0
2026-09-27T12:37:25.6739840Z 
2026-09-27T12:37:25.6740450Z 100 11.9M  100 11.9M    0     0  24.4M      0 --:--:-- --:--:-- --:--:-- 24.4M
2026-09-27T12:37:25.9349900Z /Users/runner/work/early-android-game-runtime/early-android-game-runtime/build/angle-xcframeworks-v2.1.28252.zip: OK
2026-09-27T12:37:26.4185260Z info: downloading component rust-std
2026-09-27T12:37:32.4856160Z ENVIRONMENT_BASELINE_MISMATCH [Errno 2] No such file or directory: '/Users/runner/work/early-android-game-runtime/early-android-game-runtime/samples/frozen-bubble.apk'
2026-09-27T12:37:32.4940340Z ##[error]Process completed with exit code 3.
2026-09-27T12:37:32.5282340Z ##[group]Run actions/upload-artifact@v4
2026-09-27T12:37:32.5282660Z with:
2026-09-27T12:37:32.5282940Z   name: kungfoo-armv7-aot-probe
2026-09-27T12:37:32.5283260Z   path: tools/aot-lab/evidence/kungfoo-armv7-aot-probe
2026-09-27T12:37:32.5283640Z   if-no-files-found: error
2026-09-27T12:37:32.5283870Z   compression-level: 6
2026-09-27T12:37:32.5284180Z   overwrite: false
2026-09-27T12:37:32.5284440Z   include-hidden-files: false
2026-09-27T12:37:32.5284740Z env:
2026-09-27T12:37:32.5285010Z   CARGO_HOME: /Users/runner/.cargo
2026-09-27T12:37:32.5285260Z   CARGO_INCREMENTAL: 0
2026-09-27T12:37:32.5285580Z   CARGO_TERM_COLOR: always
2026-09-27T12:37:32.5285800Z ##[endgroup]
2026-09-27T12:37:32.9691030Z (node:9193) [DEP0040] DeprecationWarning: The `punycode` module is deprecated. Please use a userland alternative instead.
2026-09-27T12:37:32.9691760Z (Use `node --trace-deprecation ...` to show where the warning was created)
2026-09-27T12:37:32.9776660Z With the provided path, there will be 1 file uploaded
2026-09-27T12:37:32.9779810Z Artifact name is valid!
2026-09-27T12:37:32.9780390Z Root directory input is valid!
2026-09-27T12:37:33.1786310Z Beginning upload of artifact content to blob storage
2026-09-27T12:37:33.1982440Z (node:9193) [DEP0169] DeprecationWarning: `url.parse()` behavior is not standardized and prone to errors that have security implications. Use the WHATWG URL API instead. CVEs are not issued for `url.parse()` vulnerabilities.
2026-09-27T12:37:33.2322030Z Uploaded bytes 511
2026-09-27T12:37:33.2449870Z Finished uploading artifact content to blob storage!
2026-09-27T12:37:33.2451070Z SHA256 digest of uploaded artifact zip is ce361a054238f19cdbbcef6a65cce586e6c267e251600f7fb3a1947832959b97
2026-09-27T12:37:33.2451930Z Finalizing artifact upload
2026-09-27T12:37:33.4461750Z Artifact kungfoo-armv7-aot-probe.zip successfully finalized. Artifact ID 10931957175
2026-09-27T12:37:33.4465940Z Artifact kungfoo-armv7-aot-probe has been successfully uploaded! Final size is 511 bytes. Artifact ID is 10931957175
2026-09-27T12:37:33.4506030Z Artifact download URL: https://github.com/xwc9527/early-android-game-runtime/actions/runs/36319557461/artifacts/10931957175
2026-09-27T12:37:33.4768730Z Post job cleanup.
2026-09-27T12:37:33.6001530Z [command]/opt/homebrew/bin/git version
2026-09-27T12:37:33.6109500Z git version 2.55.0
2026-09-27T12:37:33.6134610Z Copying '/Users/runner/.gitconfig' to '/Users/runner/work/_temp/e09eb327-ba97-4fcc-b769-69c6e3cf0051/.gitconfig'
2026-09-27T12:37:33.6138220Z Temporarily overriding HOME='/Users/runner/work/_temp/e09eb327-ba97-4fcc-b769-69c6e3cf0051' before making global git config changes
2026-09-27T12:37:33.6140090Z Adding repository directory to the temporary git global config as a safe directory
2026-09-27T12:37:33.6141430Z [command]/opt/homebrew/bin/git config --global --add safe.directory /Users/runner/work/early-android-game-runtime/early-android-game-runtime
2026-09-27T12:37:33.6226220Z [command]/opt/homebrew/bin/git config --local --name-only --get-regexp core\.sshCommand
2026-09-27T12:37:33.6304760Z [command]/opt/homebrew/bin/git submodule foreach --recursive sh -c "git config --local --name-only --get-regexp 'core\.sshCommand' && git config --local --unset-all 'core.sshCommand' || :"
2026-09-27T12:37:33.7313500Z [command]/opt/homebrew/bin/git config --local --name-only --get-regexp http\.https\:\/\/github\.com\/\.extraheader
2026-09-27T12:37:33.7374980Z http.https://github.com/.extraheader
2026-09-27T12:37:33.7382910Z [command]/opt/homebrew/bin/git config --local --unset-all http.https://github.com/.extraheader
2026-09-27T12:37:33.7456770Z [command]/opt/homebrew/bin/git submodule foreach --recursive sh -c "git config --local --name-only --get-regexp 'http\.https\:\/\/github\.com\/\.extraheader' && git config --local --unset-all 'http.https://github.com/.extraheader' || :"
2026-09-27T12:37:33.8292070Z [command]/opt/homebrew/bin/git config --local --name-only --get-regexp ^includeIf\.gitdir:
2026-09-27T12:37:33.8363150Z [command]/opt/homebrew/bin/git submodule foreach --recursive git config --local --show-origin --name-only --get-regexp remote.origin.url
2026-09-27T12:37:33.9311560Z Cleaning up orphan processes
2026-09-27T12:37:34.8898120Z ##[warning]Node.js 20 is deprecated. The following actions target Node.js 20 but are being forced to run on Node.js 24: actions/checkout@v4, actions/upload-artifact@v4. For more information see: https://github.blog/changelog/2025-09-19-deprecation-of-node-20-on-github-actions-runners/
